[client.schwab.com/Areas/Access/Login.html]
[backblue.gif]
[fade.gif]
[index.html]
[client.schwabcdn.com/Areas/Access/Content/login/dist/loginV2.5dd8a35382e31271944e.css]
[client.schwab.com/Areas/Access/ak.html]
[client.schwab.com/Areas/Access/ak-2.html]
[client.schwab.com/Areas/Access/Logind3d7.html]
[client.schwab.com/Areas/Access/Logind556.html]
[client.schwab.com/Areas/Access/Loginb658.html]
[client.schwab.com/Areas/Access/Login.html]
[tags.tiqcdn.com/utag/schwab/client-center-login/prod/utag.js]
[client.schwabcdn.com/Areas/Access/Content/login/dist/font/CharlesModern-Regular.36f7eb5fc9ddd6902a0a.eot]
[client.schwabcdn.com/Areas/Access/Content/login/dist/font/CharlesModern-Regular.36f7eb5fc9ddd6902a0ad41d.eot]
[client.schwabcdn.com/Areas/Access/Content/login/dist/font/CharlesModern-Regular.8f42eb9674012799efea.woff]
[client.schwabcdn.com/Areas/Access/Content/login/dist/font/CharlesModern-Regular.97337999672a5e528d15.ttf]
[client.schwabcdn.com/Areas/Access/Content/login/dist/font/CharlesModern-Regular.c72f81a97979e6d19bb2d41d.svg]
[client.schwabcdn.com/Areas/Access/Content/login/dist/font/CharlesModernMedium.609c70babd697aa2e434.eot]
[client.schwabcdn.com/Areas/Access/Content/login/dist/font/CharlesModernMedium.609c70babd697aa2e434d41d.eot]
[client.schwabcdn.com/Areas/Access/Content/login/dist/font/CharlesModernMedium.1b247deb1873c1b8b158.woff]
[client.schwabcdn.com/Areas/Access/Content/login/dist/font/CharlesModernMedium.a040f8c8ef865ea07a53.ttf]
[client.schwabcdn.com/Areas/Access/Content/login/dist/font/CharlesModernMedium.da0c48ce76b9bea76f52d41d.svg]
[client.schwabcdn.com/Areas/Access/Content/login/dist/font/CharlesModern-Bold.8263a33478fb52c40812.eot]
[client.schwabcdn.com/Areas/Access/Content/login/dist/font/CharlesModern-Bold.8263a33478fb52c40812d41d.eot]
[client.schwabcdn.com/Areas/Access/Content/login/dist/font/CharlesModern-Bold.afb4ed417293ec326bc6.woff]
[client.schwabcdn.com/Areas/Access/Content/login/dist/font/CharlesModern-Bold.9f2da57199268871a72d.ttf]
[client.schwabcdn.com/Areas/Access/Content/login/dist/font/CharlesModern-Bold.eef991b904ddadc3d0c4d41d.svg]
[client.schwabcdn.com/Areas/Access/Content/login/dist/font/CharlesModern-Light.cfbc37c76694f619b998.eot]
[client.schwabcdn.com/Areas/Access/Content/login/dist/font/CharlesModern-Light.cfbc37c76694f619b998d41d.eot]
[client.schwabcdn.com/Areas/Access/Content/login/dist/font/CharlesModern-Light.49518a871252ad9f5bc3.woff]
[client.schwabcdn.com/Areas/Access/Content/login/dist/font/CharlesModern-Light.e4ef538af8b91232cea7.ttf]
[client.schwabcdn.com/Areas/Access/Content/login/dist/loginV2.5dd8a35382e31271944e.css]
[client.schwabcdn.com/Areas/Access/Content/login/dist/font/CharlesModern-Light.818a13105503b224ede0d41d.svg]
[client.schwab.com/CSS/Layout.css]
[client.schwab.com/CSS/Content.css]
[client.schwab.com/images/sch-logo2adf.png]
[client.schwab.com/Areas/Access/ak.html]
[client.schwab.com/Areas/Access/ak-2.html]
[client.schwab.com/Areas/Access/Logind3d7.html]
[client.schwab.com/Areas/Access/Logind556.html]
[client.schwab.com/Areas/Access/Loginb658.html]
[client.schwabcdn.com/Areas/Access/Content/login/dist/font/CharlesModern-Regular.c72f81a97979e6d19bb2d41d.svg]
[client.schwabcdn.com/Areas/Access/Content/login/dist/font/CharlesModernMedium.da0c48ce76b9bea76f52d41d.svg]
[client.schwabcdn.com/Areas/Access/Content/login/dist/font/CharlesModern-Bold.eef991b904ddadc3d0c4d41d.svg]
[client.schwabcdn.com/Areas/Access/Content/login/dist/font/CharlesModern-Light.818a13105503b224ede0d41d.svg]
[client.schwab.com/Images/footerBg.gif]
[client.schwab.com/Images/grad.png]
[client.schwab.com/Images/icon.png]
[client.schwab.com/Images/loginHdrBg.gif]
[client.schwab.com/Images/chanMyConGr.gif]
[client.schwab.com/Images/titleHdrBg.gif]
[client.schwab.com/Images/sdsBlueR.gif]
[client.schwab.com/Images/sdsBrownR.gif]
[client.schwab.com/Images/tblGreyG.png]
[client.schwab.com/Images/tblLtBlueSS.png]
[client.schwab.com/Images/tblLtBlueS_v1.png]
[client.schwab.com/Images/tblBlueS_v1.png]
[client.schwab.com/Images/tblBlackS.png]
[client.schwab.com/Images/tblLtBlueBrw.png]
[client.schwab.com/Images/tblLtGreyBrw.png]
[client.schwab.com/Images/tblLtBlueG.png]
[client.schwab.com/Images/tblLtBrwnGrd.png]
[client.schwab.com/Images/tblGreyS.png]
[client.schwab.com/Images/blueShadeRt.gif]
[client.schwab.com/Images/tblBrwnS.png]
[client.schwab.com/Images/tblLtBrwnS.png]
[client.schwab.com/Images/tblBlueG.png]
[client.schwab.com/Images/tblSlvrS.png]
[client.schwab.com/Images/outlnGrBB.gif]
[client.schwab.com/images/tblLtGryG.png]
[client.schwab.com/images/arrows.png]
[client.schwab.com/Images/greyBgLt.gif]
[client.schwab.com/Images/greyBgRt.gif]
[client.schwab.com/Images/greyBgMid.gif]
[client.schwab.com/Images/alertIcon.gif]
[client.schwab.com/Images/spacer.gif]
[client.schwab.com/Images/top.gif]
[client.schwab.com/Images/foot.gif]
[client.schwab.com/Images/corners.gif]
[client.schwab.com/CSS/ellipsis-xbl.xml]
[client.schwab.com/Images/checkmark.png]
[client.schwab.com/images/ajax-loader.gif]
[client.schwab.com/Images/button.png]
[client.schwab.com/images/icon-2.png]
[client.schwab.com/images/shadow.png]
[client.schwab.com/images/caret.png]
[client.schwab.com/images/cb_arrow.png]
[client.schwab.com/images/globalsprite.png]
[client.schwab.com/images/button-2.png]
[client.schwab.com/images/icons57f1.png]
[client.schwab.com/CSS/Layout.css]
[client.schwab.com/APP_THEMES/Greenfield/Images/ratingsMaster.gif]
[client.schwab.com/images/checkmark-green.png]
[client.schwab.com/images/checkmark-gray.png]
[client.schwab.com/Images/icons57f1-2.png]
[client.schwab.com/CSS/Content.css]
